
> @redwoodjs/open-do@1.0.0 test /Users/peterp/gh/redwoodjs/sdk/openDO
> vitest run


 RUN  v1.6.1 /Users/peterp/gh/redwoodjs/sdk/openDO

 ❯ src/OpenDO.test.ts  (3 tests | 1 failed) 57ms
   ❯ src/OpenDO.test.ts > OpenDORegistry > should hibernate idle instances
     → vi.advanceTimeBy is not a function

⎯⎯⎯⎯⎯⎯⎯ Failed Tests 1 ⎯⎯⎯⎯⎯⎯⎯

 FAIL  src/OpenDO.test.ts > OpenDORegistry > should hibernate idle instances
TypeError: vi.advanceTimeBy is not a function
 ❯ src/OpenDO.test.ts:59:8
     57|     
     58|     // Advance time beyond timeout
     59|     vi.advanceTimeBy(1000 * 60); // Registry checks every 30s by defau…
       |        ^
     60|     
     61|     const newInstance = registry.getOrCreateInstance(id, CounterDO);

⎯⎯⎯⎯⎯⎯⎯⎯⎯⎯⎯⎯⎯⎯⎯⎯⎯⎯⎯⎯⎯⎯⎯⎯[1/1]⎯

 Test Files  1 failed (1)
      Tests  1 failed | 2 passed (3)
   Start at  23:03:19
   Duration  211ms (transform 24ms, setup 0ms, collect 21ms, tests 57ms, environment 0ms, prepare 35ms)

 ELIFECYCLE  Test failed. See above for more details.
